00:00 +0: loading /Users/mohd/Developer/repos/GenerallyBetter/gnrllybttr_pacer/test/retryer/models_test.dart                                                                                           00:01 +0: loading /Users/mohd/Developer/repos/GenerallyBetter/gnrllybttr_pacer/test/retryer/models_test.dart                                                                                           00:01 +0: /Users/mohd/Developer/repos/GenerallyBetter/gnrllybttr_pacer/test/retryer/models_test.dart: AsyncRetryerOptions constructor with default values                                              00:01 +1: /Users/mohd/Developer/repos/GenerallyBetter/gnrllybttr_pacer/test/retryer/models_test.dart: AsyncRetryerOptions constructor with default values                                              00:01 +1: /Users/mohd/Developer/repos/GenerallyBetter/gnrllybttr_pacer/test/retryer/models_test.dart: AsyncRetryerOptions constructor with custom values                                               00:01 +2: /Users/mohd/Developer/repos/GenerallyBetter/gnrllybttr_pacer/test/retryer/models_test.dart: AsyncRetryerOptions constructor with custom values                                               00:01 +2: /Users/mohd/Developer/repos/GenerallyBetter/gnrllybttr_pacer/test/retryer/models_test.dart: AsyncRetryerOptions extends PacerOptions                                                         00:01 +3: /Users/mohd/Developer/repos/GenerallyBetter/gnrllybttr_pacer/test/retryer/models_test.dart: AsyncRetryerOptions extends PacerOptions                                                         00:01 +3: /Users/mohd/Developer/repos/GenerallyBetter/gnrllybttr_pacer/test/retryer/models_test.dart: AsyncRetryerState constructor with default values                                                00:01 +4: /Users/mohd/Developer/repos/GenerallyBetter/gnrllybttr_pacer/test/retryer/models_test.dart: AsyncRetryerState constructor with default values                                                00:01 +4: /Users/mohd/Developer/repos/GenerallyBetter/gnrllybttr_pacer/test/retryer/models_test.dart: AsyncRetryerState constructor with custom values                                                 00:01 +5: /Users/mohd/Developer/repos/GenerallyBetter/gnrllybttr_pacer/test/retryer/models_test.dart: AsyncRetryerState constructor with custom values                                                 00:01 +5: /Users/mohd/Developer/repos/GenerallyBetter/gnrllybttr_pacer/test/retryer/models_test.dart: AsyncRetryerState extends PacerState                                                             00:01 +6: /Users/mohd/Developer/repos/GenerallyBetter/gnrllybttr_pacer/test/retryer/models_test.dart: AsyncRetryerState extends PacerState                                                             00:01 +6: /Users/mohd/Developer/repos/GenerallyBetter/gnrllybttr_pacer/test/retryer/models_test.dart: AsyncRetryerState copyWith copyWith with no arguments returns identical state                    00:01 +7: /Users/mohd/Developer/repos/GenerallyBetter/gnrllybttr_pacer/test/retryer/models_test.dart: AsyncRetryerState copyWith copyWith with no arguments returns identical state                    00:01 +7: /Users/mohd/Developer/repos/GenerallyBetter/gnrllybttr_pacer/test/retryer/models_test.dart: AsyncRetryerState copyWith copyWith with executionCount                                          00:01 +8: /Users/mohd/Developer/repos/GenerallyBetter/gnrllybttr_pacer/test/retryer/models_test.dart: AsyncRetryerState copyWith copyWith with executionCount                                          00:01 +8: /Users/mohd/Developer/repos/GenerallyBetter/gnrllybttr_pacer/test/retryer/models_test.dart: AsyncRetryerState copyWith copyWith with status                                                  00:01 +9: /Users/mohd/Developer/repos/GenerallyBetter/gnrllybttr_pacer/test/retryer/models_test.dart: AsyncRetryerState copyWith copyWith with status                                                  00:01 +9: /Users/mohd/Developer/repos/GenerallyBetter/gnrllybttr_pacer/test/retryer/models_test.dart: AsyncRetryerState copyWith copyWith with currentAttempt                                          00:01 +10: /Users/mohd/Developer/repos/GenerallyBetter/gnrllybttr_pacer/test/retryer/models_test.dart: AsyncRetryerState copyWith copyWith with currentAttempt                                         00:01 +10: /Users/mohd/Developer/repos/GenerallyBetter/gnrllybttr_pacer/test/retryer/models_test.dart: AsyncRetryerState copyWith copyWith with errorCount                                             00:01 +11: /Users/mohd/Developer/repos/GenerallyBetter/gnrllybttr_pacer/test/retryer/models_test.dart: AsyncRetryerState copyWith copyWith with errorCount                                             00:01 +11: /Users/mohd/Developer/repos/GenerallyBetter/gnrllybttr_pacer/test/retryer/models_test.dart: AsyncRetryerState copyWith copyWith with successCount                                           00:01 +12: /Users/mohd/Developer/repos/GenerallyBetter/gnrllybttr_pacer/test/retryer/models_test.dart: AsyncRetryerState copyWith copyWith with successCount                                           00:01 +12: loading /Users/mohd/Developer/repos/GenerallyBetter/gnrllybttr_pacer/test/throttler/models_test.dart                                                                                        00:01 +12: /Users/mohd/Developer/repos/GenerallyBetter/gnrllybttr_pacer/test/throttler/models_test.dart: AsyncThrottlerOptions constructor with default values                                         00:01 +13: /Users/mohd/Developer/repos/GenerallyBetter/gnrllybttr_pacer/test/throttler/models_test.dart: AsyncThrottlerOptions constructor with default values                                         00:01 +14: /Users/mohd/Developer/repos/GenerallyBetter/gnrllybttr_pacer/test/throttler/models_test.dart: AsyncThrottlerOptions constructor with default values                                         00:01 +15: /Users/mohd/Developer/repos/GenerallyBetter/gnrllybttr_pacer/test/throttler/models_test.dart: AsyncThrottlerOptions constructor with default values                                         00:01 +16: /Users/mohd/Developer/repos/GenerallyBetter/gnrllybttr_pacer/test/throttler/models_test.dart: AsyncThrottlerOptions constructor with default values                                         00:01 +17: /Users/mohd/Developer/repos/GenerallyBetter/gnrllybttr_pacer/test/throttler/models_test.dart: AsyncThrottlerOptions constructor with default values                                         00:01 +18: /Users/mohd/Developer/repos/GenerallyBetter/gnrllybttr_pacer/test/throttler/models_test.dart: AsyncThrottlerOptions constructor with default values                                         00:01 +19: /Users/mohd/Developer/repos/GenerallyBetter/gnrllybttr_pacer/test/throttler/models_test.dart: AsyncThrottlerOptions constructor with default values                                         00:01 +20: /Users/mohd/Developer/repos/GenerallyBetter/gnrllybttr_pacer/test/retryer/models_test.dart: Type safety AsyncRetryerOptions supports different generic types                                00:01 +21: /Users/mohd/Developer/repos/GenerallyBetter/gnrllybttr_pacer/test/throttler/models_test.dart: AsyncThrottlerOptions constructor with custom values                                          00:01 +22: /Users/mohd/Developer/repos/GenerallyBetter/gnrllybttr_pacer/test/throttler/models_test.dart: AsyncThrottlerOptions constructor with custom values                                          00:01 +23: /Users/mohd/Developer/repos/GenerallyBetter/gnrllybttr_pacer/test/throttler/models_test.dart: AsyncThrottlerOptions constructor with custom values                                          00:01 +23: /Users/mohd/Developer/repos/GenerallyBetter/gnrllybttr_pacer/test/retryer/models_test.dart: Immutability AsyncRetryerState copyWith creates new instance                                    00:01 +24: /Users/mohd/Developer/repos/GenerallyBetter/gnrllybttr_pacer/test/retryer/models_test.dart: Immutability AsyncRetryerState copyWith creates new instance                                    00:01 +25: /Users/mohd/Developer/repos/GenerallyBetter/gnrllybttr_pacer/test/retryer/models_test.dart: Immutability AsyncRetryerState copyWith creates new instance                                    00:01 +25: /Users/mohd/Developer/repos/GenerallyBetter/gnrllybttr_pacer/test/throttler/models_test.dart: AsyncThrottlerState constructor with default values                                           00:01 +26: /Users/mohd/Developer/repos/GenerallyBetter/gnrllybttr_pacer/test/throttler/models_test.dart: AsyncThrottlerState constructor with default values                                           00:01 +26: /Users/mohd/Developer/repos/GenerallyBetter/gnrllybttr_pacer/test/throttler/models_test.dart: AsyncThrottlerState constructor with custom values                                            00:01 +27: /Users/mohd/Developer/repos/GenerallyBetter/gnrllybttr_pacer/test/throttler/models_test.dart: AsyncThrottlerState constructor with custom values                                            00:01 +27: /Users/mohd/Developer/repos/GenerallyBetter/gnrllybttr_pacer/test/throttler/models_test.dart: AsyncThrottlerState extends PacerState                                                        00:01 +28: /Users/mohd/Developer/repos/GenerallyBetter/gnrllybttr_pacer/test/throttler/models_test.dart: AsyncThrottlerState extends PacerState                                                        00:01 +28: /Users/mohd/Developer/repos/GenerallyBetter/gnrllybttr_pacer/test/throttler/models_test.dart: AsyncThrottlerState copyWith copyWith with no arguments returns identical state               00:01 +29: /Users/mohd/Developer/repos/GenerallyBetter/gnrllybttr_pacer/test/throttler/models_test.dart: AsyncThrottlerState copyWith copyWith with no arguments returns identical state               00:01 +29: /Users/mohd/Developer/repos/GenerallyBetter/gnrllybttr_pacer/test/throttler/models_test.dart: AsyncThrottlerState copyWith copyWith with executionCount                                     00:01 +30: /Users/mohd/Developer/repos/GenerallyBetter/gnrllybttr_pacer/test/throttler/models_test.dart: AsyncThrottlerState copyWith copyWith with executionCount                                     00:01 +30: /Users/mohd/Developer/repos/GenerallyBetter/gnrllybttr_pacer/test/throttler/models_test.dart: AsyncThrottlerState copyWith copyWith with status                                             00:01 +31: /Users/mohd/Developer/repos/GenerallyBetter/gnrllybttr_pacer/test/throttler/models_test.dart: AsyncThrottlerState copyWith copyWith with status                                             00:01 +31: /Users/mohd/Developer/repos/GenerallyBetter/gnrllybttr_pacer/test/throttler/models_test.dart: AsyncThrottlerState copyWith copyWith with maybeExecuteCount                                  00:01 +32: /Users/mohd/Developer/repos/GenerallyBetter/gnrllybttr_pacer/test/throttler/models_test.dart: AsyncThrottlerState copyWith copyWith with maybeExecuteCount                                  00:01 +32: /Users/mohd/Developer/repos/GenerallyBetter/gnrllybttr_pacer/test/throttler/models_test.dart: AsyncThrottlerState copyWith copyWith with lastArgs                                           00:01 +33: /Users/mohd/Developer/repos/GenerallyBetter/gnrllybttr_pacer/test/throttler/models_test.dart: AsyncThrottlerState copyWith copyWith with lastArgs                                           00:01 +33: /Users/mohd/Developer/repos/GenerallyBetter/gnrllybttr_pacer/test/throttler/models_test.dart: AsyncThrottlerState copyWith copyWith with lastExecutionTime                                  00:01 +34: /Users/mohd/Developer/repos/GenerallyBetter/gnrllybttr_pacer/test/throttler/models_test.dart: AsyncThrottlerState copyWith copyWith with lastExecutionTime                                  00:01 +34: /Users/mohd/Developer/repos/GenerallyBetter/gnrllybttr_pacer/test/throttler/models_test.dart: AsyncThrottlerState copyWith copyWith with nextExecutionTime                                  00:01 +35: /Users/mohd/Developer/repos/GenerallyBetter/gnrllybttr_pacer/test/throttler/models_test.dart: AsyncThrottlerState copyWith copyWith with nextExecutionTime                                  00:01 +35: /Users/mohd/Developer/repos/GenerallyBetter/gnrllybttr_pacer/test/throttler/models_test.dart: AsyncThrottlerState copyWith copyWith with errorCount                                         00:01 +36: /Users/mohd/Developer/repos/GenerallyBetter/gnrllybttr_pacer/test/throttler/models_test.dart: AsyncThrottlerState copyWith copyWith with errorCount                                         00:01 +36: /Users/mohd/Developer/repos/GenerallyBetter/gnrllybttr_pacer/test/throttler/models_test.dart: AsyncThrottlerState copyWith copyWith with successCount                                       00:01 +37: /Users/mohd/Developer/repos/GenerallyBetter/gnrllybttr_pacer/test/throttler/models_test.dart: AsyncThrottlerState copyWith copyWith with successCount                                       00:01 +37: /Users/mohd/Developer/repos/GenerallyBetter/gnrllybttr_pacer/test/throttler/models_test.dart: AsyncThrottlerState copyWith copyWith with settleCount                                        00:01 +38: /Users/mohd/Developer/repos/GenerallyBetter/gnrllybttr_pacer/test/throttler/models_test.dart: AsyncThrottlerState copyWith copyWith with settleCount                                        00:01 +38: /Users/mohd/Developer/repos/GenerallyBetter/gnrllybttr_pacer/test/throttler/models_test.dart: AsyncThrottlerState copyWith copyWith with isExecuting                                        00:01 +39: /Users/mohd/Developer/repos/GenerallyBetter/gnrllybttr_pacer/test/throttler/models_test.dart: AsyncThrottlerState copyWith copyWith with isExecuting                                        00:01 +39: /Users/mohd/Developer/repos/GenerallyBetter/gnrllybttr_pacer/test/throttler/models_test.dart: AsyncThrottlerState copyWith copyWith with lastResult                                         00:01 +40: /Users/mohd/Developer/repos/GenerallyBetter/gnrllybttr_pacer/test/throttler/models_test.dart: AsyncThrottlerState copyWith copyWith with lastResult                                         00:01 +40: /Users/mohd/Developer/repos/GenerallyBetter/gnrllybttr_pacer/test/throttler/models_test.dart: AsyncThrottlerState copyWith copyWith with multiple fields                                    00:01 +41: /Users/mohd/Developer/repos/GenerallyBetter/gnrllybttr_pacer/test/throttler/models_test.dart: AsyncThrottlerState copyWith copyWith with multiple fields                                    00:01 +41: /Users/mohd/Developer/repos/GenerallyBetter/gnrllybttr_pacer/test/throttler/models_test.dart: ThrottlerOptions constructor with default values                                              00:01 +42: /Users/mohd/Developer/repos/GenerallyBetter/gnrllybttr_pacer/test/queuer/models_test.dart: AsyncQueuerOptions constructor with default values                                               00:01 +43: /Users/mohd/Developer/repos/GenerallyBetter/gnrllybttr_pacer/test/queuer/models_test.dart: AsyncQueuerOptions constructor with default values                                               00:01 +44: /Users/mohd/Developer/repos/GenerallyBetter/gnrllybttr_pacer/test/queuer/models_test.dart: AsyncQueuerOptions constructor with default values                                               00:01 +45: /Users/mohd/Developer/repos/GenerallyBetter/gnrllybttr_pacer/test/queuer/models_test.dart: AsyncQueuerOptions constructor with default values                                               00:01 +46: /Users/mohd/Developer/repos/GenerallyBetter/gnrllybttr_pacer/test/queuer/models_test.dart: AsyncQueuerOptions constructor with default values                                               00:01 +47: /Users/mohd/Developer/repos/GenerallyBetter/gnrllybttr_pacer/test/queuer/models_test.dart: AsyncQueuerOptions constructor with default values                                               00:01 +48: /Users/mohd/Developer/repos/GenerallyBetter/gnrllybttr_pacer/test/queuer/models_test.dart: AsyncQueuerOptions constructor with default values                                               00:01 +49: /Users/mohd/Developer/repos/GenerallyBetter/gnrllybttr_pacer/test/queuer/models_test.dart: AsyncQueuerOptions constructor with default values                                               00:01 +50: /Users/mohd/Developer/repos/GenerallyBetter/gnrllybttr_pacer/test/queuer/models_test.dart: AsyncQueuerOptions constructor with default values                                               00:01 +51: /Users/mohd/Developer/repos/GenerallyBetter/gnrllybttr_pacer/test/throttler/models_test.dart: ThrottlerState copyWith copyWith with maybeExecuteCount                                       00:01 +52: /Users/mohd/Developer/repos/GenerallyBetter/gnrllybttr_pacer/test/queuer/models_test.dart: AsyncQueuerOptions constructor with custom values                                                00:01 +53: /Users/mohd/Developer/repos/GenerallyBetter/gnrllybttr_pacer/test/queuer/models_test.dart: AsyncQueuerOptions constructor with custom values                                                00:01 +54: /Users/mohd/Developer/repos/GenerallyBetter/gnrllybttr_pacer/test/throttler/models_test.dart: ThrottlerState copyWith copyWith with lastExecutionTime                                       00:01 +55: /Users/mohd/Developer/repos/GenerallyBetter/gnrllybttr_pacer/test/queuer/models_test.dart: AsyncQueuerOptions extends PacerOptions                                                          00:01 +56: /Users/mohd/Developer/repos/GenerallyBetter/gnrllybttr_pacer/test/throttler/models_test.dart: ThrottlerState copyWith copyWith with nextExecutionTime                                       00:01 +57: /Users/mohd/Developer/repos/GenerallyBetter/gnrllybttr_pacer/test/queuer/models_test.dart: AsyncQueuerState constructor with default values                                                 00:01 +58: /Users/mohd/Developer/repos/GenerallyBetter/gnrllybttr_pacer/test/queuer/models_test.dart: AsyncQueuerState constructor with default values                                                 00:01 +59: /Users/mohd/Developer/repos/GenerallyBetter/gnrllybttr_pacer/test/queuer/models_test.dart: AsyncQueuerState constructor with default values                                                 00:01 +59: /Users/mohd/Developer/repos/GenerallyBetter/gnrllybttr_pacer/test/queuer/models_test.dart: AsyncQueuerState constructor with custom values                                                  00:01 +60: /Users/mohd/Developer/repos/GenerallyBetter/gnrllybttr_pacer/test/queuer/models_test.dart: AsyncQueuerState constructor with custom values                                                  00:01 +61: /Users/mohd/Developer/repos/GenerallyBetter/gnrllybttr_pacer/test/queuer/models_test.dart: AsyncQueuerState constructor with custom values                                                  00:01 +62: /Users/mohd/Developer/repos/GenerallyBetter/gnrllybttr_pacer/test/queuer/models_test.dart: AsyncQueuerState constructor with custom values                                                  00:01 +63: /Users/mohd/Developer/repos/GenerallyBetter/gnrllybttr_pacer/test/throttler/models_test.dart: Type safety ThrottlerState supports different generic types                                   00:01 +64: /Users/mohd/Developer/repos/GenerallyBetter/gnrllybttr_pacer/test/queuer/models_test.dart: AsyncQueuerState extends PacerState                                                              00:01 +65: /Users/mohd/Developer/repos/GenerallyBetter/gnrllybttr_pacer/test/throttler/models_test.dart: Immutability AsyncThrottlerState copyWith creates new instance                                00:01 +66: /Users/mohd/Developer/repos/GenerallyBetter/gnrllybttr_pacer/test/queuer/models_test.dart: AsyncQueuerState copyWith copyWith with no arguments returns identical state                     00:01 +67: /Users/mohd/Developer/repos/GenerallyBetter/gnrllybttr_pacer/test/throttler/models_test.dart: Immutability ThrottlerState copyWith creates new instance                                     00:01 +68: /Users/mohd/Developer/repos/GenerallyBetter/gnrllybttr_pacer/test/queuer/models_test.dart: AsyncQueuerState copyWith copyWith with executionCount                                           00:01 +69: /Users/mohd/Developer/repos/GenerallyBetter/gnrllybttr_pacer/test/queuer/models_test.dart: AsyncQueuerState copyWith copyWith with executionCount                                           00:01 +69: /Users/mohd/Developer/repos/GenerallyBetter/gnrllybttr_pacer/test/queuer/models_test.dart: AsyncQueuerState copyWith copyWith with status                                                   00:01 +70: /Users/mohd/Developer/repos/GenerallyBetter/gnrllybttr_pacer/test/queuer/models_test.dart: AsyncQueuerState copyWith copyWith with status                                                   00:01 +70: /Users/mohd/Developer/repos/GenerallyBetter/gnrllybttr_pacer/test/queuer/models_test.dart: AsyncQueuerState copyWith copyWith with addItemCount                                             00:01 +71: /Users/mohd/Developer/repos/GenerallyBetter/gnrllybttr_pacer/test/queuer/models_test.dart: AsyncQueuerState copyWith copyWith with addItemCount                                             00:01 +71: /Users/mohd/Developer/repos/GenerallyBetter/gnrllybttr_pacer/test/queuer/models_test.dart: AsyncQueuerState copyWith copyWith with expirationCount                                          00:01 +72: /Users/mohd/Developer/repos/GenerallyBetter/gnrllybttr_pacer/test/queuer/models_test.dart: AsyncQueuerState copyWith copyWith with expirationCount                                          00:01 +72: /Users/mohd/Developer/repos/GenerallyBetter/gnrllybttr_pacer/test/queuer/models_test.dart: AsyncQueuerState copyWith copyWith with rejectionCount                                           00:01 +73: /Users/mohd/Developer/repos/GenerallyBetter/gnrllybttr_pacer/test/queuer/models_test.dart: AsyncQueuerState copyWith copyWith with rejectionCount                                           00:01 +73: /Users/mohd/Developer/repos/GenerallyBetter/gnrllybttr_pacer/test/queuer/models_test.dart: AsyncQueuerState copyWith copyWith with items                                                    00:01 +74: /Users/mohd/Developer/repos/GenerallyBetter/gnrllybttr_pacer/test/queuer/models_test.dart: AsyncQueuerState copyWith copyWith with items                                                    00:01 +74: /Users/mohd/Developer/repos/GenerallyBetter/gnrllybttr_pacer/test/queuer/models_test.dart: AsyncQueuerState copyWith copyWith with itemTimestamps                                           00:01 +75: /Users/mohd/Developer/repos/GenerallyBetter/gnrllybttr_pacer/test/queuer/models_test.dart: AsyncQueuerState copyWith copyWith with itemTimestamps                                           00:01 +75: /Users/mohd/Developer/repos/GenerallyBetter/gnrllybttr_pacer/test/queuer/models_test.dart: AsyncQueuerState copyWith copyWith with isEmpty                                                  00:01 +76: /Users/mohd/Developer/repos/GenerallyBetter/gnrllybttr_pacer/test/batcher/models_test.dart: AsyncBatcherOptions constructor with default values                                             00:01 +77: /Users/mohd/Developer/repos/GenerallyBetter/gnrllybttr_pacer/test/batcher/models_test.dart: AsyncBatcherOptions constructor with default values                                             00:01 +78: /Users/mohd/Developer/repos/GenerallyBetter/gnrllybttr_pacer/test/batcher/models_test.dart: AsyncBatcherOptions constructor with default values                                             00:01 +79: /Users/mohd/Developer/repos/GenerallyBetter/gnrllybttr_pacer/test/batcher/models_test.dart: AsyncBatcherOptions constructor with default values                                             00:01 +80: /Users/mohd/Developer/repos/GenerallyBetter/gnrllybttr_pacer/test/batcher/models_test.dart: AsyncBatcherOptions constructor with default values                                             00:01 +81: /Users/mohd/Developer/repos/GenerallyBetter/gnrllybttr_pacer/test/batcher/models_test.dart: AsyncBatcherOptions constructor with default values                                             00:01 +82: /Users/mohd/Developer/repos/GenerallyBetter/gnrllybttr_pacer/test/batcher/models_test.dart: AsyncBatcherOptions constructor with default values                                             00:01 +83: /Users/mohd/Developer/repos/GenerallyBetter/gnrllybttr_pacer/test/batcher/models_test.dart: AsyncBatcherOptions constructor with default values                                             00:01 +84: /Users/mohd/Developer/repos/GenerallyBetter/gnrllybttr_pacer/test/batcher/models_test.dart: AsyncBatcherOptions constructor with default values                                             00:01 +85: /Users/mohd/Developer/repos/GenerallyBetter/gnrllybttr_pacer/test/queuer/models_test.dart: AsyncQueuerState copyWith copyWith with isExecuting                                              00:01 +86: /Users/mohd/Developer/repos/GenerallyBetter/gnrllybttr_pacer/test/batcher/models_test.dart: AsyncBatcherOptions constructor with custom values                                              00:01 +87: /Users/mohd/Developer/repos/GenerallyBetter/gnrllybttr_pacer/test/batcher/models_test.dart: AsyncBatcherOptions constructor with custom values                                              00:01 +88: /Users/mohd/Developer/repos/GenerallyBetter/gnrllybttr_pacer/test/queuer/models_test.dart: AsyncQueuerState copyWith copyWith with multiple fields                                          00:01 +89: /Users/mohd/Developer/repos/GenerallyBetter/gnrllybttr_pacer/test/batcher/models_test.dart: AsyncBatcherOptions extends PacerOptions                                                        00:01 +90: /Users/mohd/Developer/repos/GenerallyBetter/gnrllybttr_pacer/test/queuer/models_test.dart: QueuerOptions constructor with default values                                                    00:01 +91: /Users/mohd/Developer/repos/GenerallyBetter/gnrllybttr_pacer/test/batcher/models_test.dart: AsyncBatcherState constructor with default values                                               00:01 +92: /Users/mohd/Developer/repos/GenerallyBetter/gnrllybttr_pacer/test/queuer/models_test.dart: QueuerOptions constructor with custom values                                                     00:01 +93: /Users/mohd/Developer/repos/GenerallyBetter/gnrllybttr_pacer/test/batcher/models_test.dart: AsyncBatcherState constructor with custom values                                                00:01 +94: /Users/mohd/Developer/repos/GenerallyBetter/gnrllybttr_pacer/test/queuer/models_test.dart: QueuerOptions extends PacerOptions                                                               00:01 +95: /Users/mohd/Developer/repos/GenerallyBetter/gnrllybttr_pacer/test/batcher/models_test.dart: AsyncBatcherState extends PacerState                                                            00:01 +96: /Users/mohd/Developer/repos/GenerallyBetter/gnrllybttr_pacer/test/queuer/models_test.dart: QueuerState constructor with default values                                                      00:01 +97: /Users/mohd/Developer/repos/GenerallyBetter/gnrllybttr_pacer/test/batcher/models_test.dart: AsyncBatcherState copyWith copyWith with no arguments returns identical state                   00:01 +98: /Users/mohd/Developer/repos/GenerallyBetter/gnrllybttr_pacer/test/queuer/models_test.dart: QueuerState constructor with custom values                                                       00:01 +99: /Users/mohd/Developer/repos/GenerallyBetter/gnrllybttr_pacer/test/batcher/models_test.dart: AsyncBatcherState copyWith copyWith with executionCount                                         00:01 +100: /Users/mohd/Developer/repos/GenerallyBetter/gnrllybttr_pacer/test/queuer/models_test.dart: QueuerState extends PacerState                                                                  00:01 +101: /Users/mohd/Developer/repos/GenerallyBetter/gnrllybttr_pacer/test/batcher/models_test.dart: AsyncBatcherState copyWith copyWith with status                                                00:01 +102: /Users/mohd/Developer/repos/GenerallyBetter/gnrllybttr_pacer/test/queuer/models_test.dart: QueuerState copyWith copyWith with no arguments returns identical state                         00:01 +103: /Users/mohd/Developer/repos/GenerallyBetter/gnrllybttr_pacer/test/batcher/models_test.dart: AsyncBatcherState copyWith copyWith with items                                                 00:01 +104: /Users/mohd/Developer/repos/GenerallyBetter/gnrllybttr_pacer/test/queuer/models_test.dart: QueuerState copyWith copyWith with executionCount                                               00:01 +105: /Users/mohd/Developer/repos/GenerallyBetter/gnrllybttr_pacer/test/queuer/models_test.dart: QueuerState copyWith copyWith with executionCount                                               00:01 +105: /Users/mohd/Developer/repos/GenerallyBetter/gnrllybttr_pacer/test/batcher/models_test.dart: AsyncBatcherState copyWith copyWith with isEmpty                                               00:01 +106: /Users/mohd/Developer/repos/GenerallyBetter/gnrllybttr_pacer/test/batcher/models_test.dart: AsyncBatcherState copyWith copyWith with isEmpty                                               00:01 +107: /Users/mohd/Developer/repos/GenerallyBetter/gnrllybttr_pacer/test/batcher/models_test.dart: AsyncBatcherState copyWith copyWith with isEmpty                                               00:01 +107: /Users/mohd/Developer/repos/GenerallyBetter/gnrllybttr_pacer/test/queuer/models_test.dart: QueuerState copyWith copyWith with addItemCount                                                 00:01 +108: /Users/mohd/Developer/repos/GenerallyBetter/gnrllybttr_pacer/test/batcher/models_test.dart: AsyncBatcherState copyWith copyWith with isPending                                             00:01 +109: /Users/mohd/Developer/repos/GenerallyBetter/gnrllybttr_pacer/test/batcher/models_test.dart: AsyncBatcherState copyWith copyWith with isPending                                             00:01 +109: /Users/mohd/Developer/repos/GenerallyBetter/gnrllybttr_pacer/test/queuer/models_test.dart: QueuerState copyWith copyWith with expirationCount                                              00:01 +110: /Users/mohd/Developer/repos/GenerallyBetter/gnrllybttr_pacer/test/queuer/models_test.dart: QueuerState copyWith copyWith with expirationCount                                              00:01 +111: /Users/mohd/Developer/repos/GenerallyBetter/gnrllybttr_pacer/test/queuer/models_test.dart: QueuerState copyWith copyWith with expirationCount                                              00:01 +111: /Users/mohd/Developer/repos/GenerallyBetter/gnrllybttr_pacer/test/batcher/models_test.dart: AsyncBatcherState copyWith copyWith with totalItemsProcessed                                   00:01 +112: /Users/mohd/Developer/repos/GenerallyBetter/gnrllybttr_pacer/test/batcher/models_test.dart: AsyncBatcherState copyWith copyWith with totalItemsProcessed                                   00:01 +113: /Users/mohd/Developer/repos/GenerallyBetter/gnrllybttr_pacer/test/batcher/models_test.dart: AsyncBatcherState copyWith copyWith with totalItemsProcessed                                   00:01 +113: /Users/mohd/Developer/repos/GenerallyBetter/gnrllybttr_pacer/test/batcher/models_test.dart: AsyncBatcherState copyWith copyWith with failedItems                                           00:01 +114: /Users/mohd/Developer/repos/GenerallyBetter/gnrllybttr_pacer/test/batcher/models_test.dart: AsyncBatcherState copyWith copyWith with failedItems                                           00:01 +115: /Users/mohd/Developer/repos/GenerallyBetter/gnrllybttr_pacer/test/batcher/models_test.dart: AsyncBatcherState copyWith copyWith with failedItems                                           00:01 +115: /Users/mohd/Developer/repos/GenerallyBetter/gnrllybttr_pacer/test/queuer/models_test.dart: QueuerState copyWith copyWith with itemTimestamps                                               00:01 +116: /Users/mohd/Developer/repos/GenerallyBetter/gnrllybttr_pacer/test/batcher/models_test.dart: AsyncBatcherState copyWith copyWith with errorCount                                            00:01 +117: /Users/mohd/Developer/repos/GenerallyBetter/gnrllybttr_pacer/test/batcher/models_test.dart: AsyncBatcherState copyWith copyWith with errorCount                                            00:01 +117: /Users/mohd/Developer/repos/GenerallyBetter/gnrllybttr_pacer/test/queuer/models_test.dart: QueuerState copyWith copyWith with isEmpty                                                      00:01 +118: /Users/mohd/Developer/repos/GenerallyBetter/gnrllybttr_pacer/test/batcher/models_test.dart: AsyncBatcherState copyWith copyWith with successCount                                          00:01 +119: /Users/mohd/Developer/repos/GenerallyBetter/gnrllybttr_pacer/test/queuer/models_test.dart: QueuerState copyWith copyWith with isFull                                                       00:01 +120: /Users/mohd/Developer/repos/GenerallyBetter/gnrllybttr_pacer/test/batcher/models_test.dart: AsyncBatcherState copyWith copyWith with settleCount                                           00:01 +121: /Users/mohd/Developer/repos/GenerallyBetter/gnrllybttr_pacer/test/queuer/models_test.dart: QueuerState copyWith copyWith with isRunning                                                    00:01 +122: /Users/mohd/Developer/repos/GenerallyBetter/gnrllybttr_pacer/test/batcher/models_test.dart: AsyncBatcherState copyWith copyWith with isExecuting                                           00:01 +123: /Users/mohd/Developer/repos/GenerallyBetter/gnrllybttr_pacer/test/queuer/models_test.dart: QueuerState copyWith copyWith with size                                                         00:01 +124: /Users/mohd/Developer/repos/GenerallyBetter/gnrllybttr_pacer/test/batcher/models_test.dart: AsyncBatcherState copyWith copyWith with lastResult                                            00:01 +125: /Users/mohd/Developer/repos/GenerallyBetter/gnrllybttr_pacer/test/queuer/models_test.dart: QueuerState copyWith copyWith with multiple fields                                              00:01 +126: /Users/mohd/Developer/repos/GenerallyBetter/gnrllybttr_pacer/test/batcher/models_test.dart: AsyncBatcherState copyWith copyWith with multiple fields                                       00:01 +127: /Users/mohd/Developer/repos/GenerallyBetter/gnrllybttr_pacer/test/queuer/models_test.dart: Type safety AsyncQueuerOptions supports different generic types                                 00:01 +128: /Users/mohd/Developer/repos/GenerallyBetter/gnrllybttr_pacer/test/batcher/models_test.dart: BatcherOptions constructor with default values                                                 00:01 +129: /Users/mohd/Developer/repos/GenerallyBetter/gnrllybttr_pacer/test/queuer/models_test.dart: Type safety AsyncQueuerState supports different generic types                                   00:01 +130: /Users/mohd/Developer/repos/GenerallyBetter/gnrllybttr_pacer/test/batcher/models_test.dart: BatcherOptions constructor with custom values                                                  00:01 +131: /Users/mohd/Developer/repos/GenerallyBetter/gnrllybttr_pacer/test/batcher/models_test.dart: BatcherOptions constructor with custom values                                                  00:01 +132: /Users/mohd/Developer/repos/GenerallyBetter/gnrllybttr_pacer/test/batcher/models_test.dart: BatcherOptions constructor with custom values                                                  00:01 +132: /Users/mohd/Developer/repos/GenerallyBetter/gnrllybttr_pacer/test/queuer/models_test.dart: Type safety QueuerState supports different generic types                                        00:01 +133: /Users/mohd/Developer/repos/GenerallyBetter/gnrllybttr_pacer/test/batcher/models_test.dart: BatcherOptions extends PacerOptions                                                            00:01 +134: /Users/mohd/Developer/repos/GenerallyBetter/gnrllybttr_pacer/test/batcher/models_test.dart: BatcherOptions extends PacerOptions                                                            00:01 +134: /Users/mohd/Developer/repos/GenerallyBetter/gnrllybttr_pacer/test/queuer/models_test.dart: Immutability AsyncQueuerState copyWith creates new instance                                     00:01 +135: /Users/mohd/Developer/repos/GenerallyBetter/gnrllybttr_pacer/test/batcher/models_test.dart: BatcherState constructor with default values                                                   00:01 +136: /Users/mohd/Developer/repos/GenerallyBetter/gnrllybttr_pacer/test/batcher/models_test.dart: BatcherState constructor with default values                                                   00:01 +136: /Users/mohd/Developer/repos/GenerallyBetter/gnrllybttr_pacer/test/batcher/models_test.dart: BatcherState constructor with custom values                                                    00:01 +137: /Users/mohd/Developer/repos/GenerallyBetter/gnrllybttr_pacer/test/queuer/models_test.dart: Immutability QueuerState copyWith creates new instance                                          00:01 +138: /Users/mohd/Developer/repos/GenerallyBetter/gnrllybttr_pacer/test/queuer/models_test.dart: Immutability QueuerState copyWith creates new instance                                          00:01 +138: /Users/mohd/Developer/repos/GenerallyBetter/gnrllybttr_pacer/test/batcher/models_test.dart: BatcherState extends PacerState                                                                00:01 +139: /Users/mohd/Developer/repos/GenerallyBetter/gnrllybttr_pacer/test/batcher/models_test.dart: BatcherState extends PacerState                                                                00:01 +139: /Users/mohd/Developer/repos/GenerallyBetter/gnrllybttr_pacer/test/batcher/models_test.dart: BatcherState copyWith copyWith with no arguments returns identical state                       00:01 +140: /Users/mohd/Developer/repos/GenerallyBetter/gnrllybttr_pacer/test/batcher/models_test.dart: BatcherState copyWith copyWith with no arguments returns identical state                       00:01 +140: /Users/mohd/Developer/repos/GenerallyBetter/gnrllybttr_pacer/test/batcher/models_test.dart: BatcherState copyWith copyWith with executionCount                                             00:01 +141: /Users/mohd/Developer/repos/GenerallyBetter/gnrllybttr_pacer/test/batcher/models_test.dart: BatcherState copyWith copyWith with executionCount                                             00:01 +141: /Users/mohd/Developer/repos/GenerallyBetter/gnrllybttr_pacer/test/batcher/models_test.dart: BatcherState copyWith copyWith with status                                                     00:01 +142: /Users/mohd/Developer/repos/GenerallyBetter/gnrllybttr_pacer/test/batcher/models_test.dart: BatcherState copyWith copyWith with status                                                     00:01 +142: /Users/mohd/Developer/repos/GenerallyBetter/gnrllybttr_pacer/test/batcher/models_test.dart: BatcherState copyWith copyWith with items                                                      00:01 +143: /Users/mohd/Developer/repos/GenerallyBetter/gnrllybttr_pacer/test/batcher/models_test.dart: BatcherState copyWith copyWith with items                                                      00:01 +143: /Users/mohd/Developer/repos/GenerallyBetter/gnrllybttr_pacer/test/batcher/models_test.dart: BatcherState copyWith copyWith with isEmpty                                                    00:01 +144: /Users/mohd/Developer/repos/GenerallyBetter/gnrllybttr_pacer/test/batcher/models_test.dart: BatcherState copyWith copyWith with isEmpty                                                    00:01 +144: /Users/mohd/Developer/repos/GenerallyBetter/gnrllybttr_pacer/test/batcher/models_test.dart: BatcherState copyWith copyWith with isPending                                                  00:01 +145: /Users/mohd/Developer/repos/GenerallyBetter/gnrllybttr_pacer/test/batcher/models_test.dart: BatcherState copyWith copyWith with isPending                                                  00:01 +145: /Users/mohd/Developer/repos/GenerallyBetter/gnrllybttr_pacer/test/batcher/models_test.dart: BatcherState copyWith copyWith with size                                                       00:01 +146: /Users/mohd/Developer/repos/GenerallyBetter/gnrllybttr_pacer/test/batcher/models_test.dart: BatcherState copyWith copyWith with size                                                       00:01 +146: /Users/mohd/Developer/repos/GenerallyBetter/gnrllybttr_pacer/test/batcher/models_test.dart: BatcherState copyWith copyWith with totalItemsProcessed                                        00:01 +147: /Users/mohd/Developer/repos/GenerallyBetter/gnrllybttr_pacer/test/batcher/models_test.dart: BatcherState copyWith copyWith with totalItemsProcessed                                        00:01 +147: /Users/mohd/Developer/repos/GenerallyBetter/gnrllybttr_pacer/test/batcher/models_test.dart: BatcherState copyWith copyWith with multiple fields                                            00:01 +148: /Users/mohd/Developer/repos/GenerallyBetter/gnrllybttr_pacer/test/batcher/models_test.dart: BatcherState copyWith copyWith with multiple fields                                            00:01 +148: /Users/mohd/Developer/repos/GenerallyBetter/gnrllybttr_pacer/test/batcher/models_test.dart: Type safety AsyncBatcherOptions supports different generic types                               00:01 +149: /Users/mohd/Developer/repos/GenerallyBetter/gnrllybttr_pacer/test/batcher/models_test.dart: Type safety AsyncBatcherOptions supports different generic types                               00:01 +149: /Users/mohd/Developer/repos/GenerallyBetter/gnrllybttr_pacer/test/batcher/models_test.dart: Type safety AsyncBatcherState supports different generic types                                 00:01 +150: /Users/mohd/Developer/repos/GenerallyBetter/gnrllybttr_pacer/test/batcher/models_test.dart: Type safety AsyncBatcherState supports different generic types                                 00:01 +150: /Users/mohd/Developer/repos/GenerallyBetter/gnrllybttr_pacer/test/batcher/models_test.dart: Type safety BatcherOptions supports different generic types                                    00:01 +151: /Users/mohd/Developer/repos/GenerallyBetter/gnrllybttr_pacer/test/batcher/models_test.dart: Type safety BatcherOptions supports different generic types                                    00:01 +151: /Users/mohd/Developer/repos/GenerallyBetter/gnrllybttr_pacer/test/batcher/models_test.dart: Type safety BatcherState supports different generic types                                      00:01 +152: /Users/mohd/Developer/repos/GenerallyBetter/gnrllybttr_pacer/test/batcher/models_test.dart: Type safety BatcherState supports different generic types                                      00:01 +152: /Users/mohd/Developer/repos/GenerallyBetter/gnrllybttr_pacer/test/batcher/models_test.dart: Immutability AsyncBatcherState copyWith creates new instance                                   00:01 +153: /Users/mohd/Developer/repos/GenerallyBetter/gnrllybttr_pacer/test/batcher/models_test.dart: Immutability AsyncBatcherState copyWith creates new instance                                   00:01 +153: /Users/mohd/Developer/repos/GenerallyBetter/gnrllybttr_pacer/test/batcher/models_test.dart: Immutability BatcherState copyWith creates new instance                                        00:01 +154: /Users/mohd/Developer/repos/GenerallyBetter/gnrllybttr_pacer/test/batcher/models_test.dart: Immutability BatcherState copyWith creates new instance                                        00:01 +154: loading /Users/mohd/Developer/repos/GenerallyBetter/gnrllybttr_pacer/test/debouncer/models_test.dart                                                                                       00:01 +154: /Users/mohd/Developer/repos/GenerallyBetter/gnrllybttr_pacer/test/debouncer/models_test.dart: AsyncDebouncerOptions constructor with default values                                        00:01 +155: /Users/mohd/Developer/repos/GenerallyBetter/gnrllybttr_pacer/test/debouncer/models_test.dart: AsyncDebouncerOptions constructor with default values                                        00:01 +155: /Users/mohd/Developer/repos/GenerallyBetter/gnrllybttr_pacer/test/debouncer/models_test.dart: AsyncDebouncerOptions constructor with custom values                                         00:01 +156: /Users/mohd/Developer/repos/GenerallyBetter/gnrllybttr_pacer/test/debouncer/models_test.dart: AsyncDebouncerOptions constructor with custom values                                         00:01 +156: /Users/mohd/Developer/repos/GenerallyBetter/gnrllybttr_pacer/test/debouncer/models_test.dart: AsyncDebouncerOptions extends PacerOptions                                                   00:01 +157: /Users/mohd/Developer/repos/GenerallyBetter/gnrllybttr_pacer/test/debouncer/models_test.dart: AsyncDebouncerOptions extends PacerOptions                                                   00:01 +157: /Users/mohd/Developer/repos/GenerallyBetter/gnrllybttr_pacer/test/debouncer/models_test.dart: AsyncDebouncerState constructor with default values                                          00:01 +158: /Users/mohd/Developer/repos/GenerallyBetter/gnrllybttr_pacer/test/debouncer/models_test.dart: AsyncDebouncerState constructor with default values                                          00:01 +158: /Users/mohd/Developer/repos/GenerallyBetter/gnrllybttr_pacer/test/debouncer/models_test.dart: AsyncDebouncerState constructor with custom values                                           00:01 +159: /Users/mohd/Developer/repos/GenerallyBetter/gnrllybttr_pacer/test/debouncer/models_test.dart: AsyncDebouncerState constructor with custom values                                           00:01 +159: /Users/mohd/Developer/repos/GenerallyBetter/gnrllybttr_pacer/test/debouncer/models_test.dart: AsyncDebouncerState extends PacerState                                                       00:01 +160: /Users/mohd/Developer/repos/GenerallyBetter/gnrllybttr_pacer/test/debouncer/models_test.dart: AsyncDebouncerState extends PacerState                                                       00:01 +160: /Users/mohd/Developer/repos/GenerallyBetter/gnrllybttr_pacer/test/debouncer/models_test.dart: AsyncDebouncerState copyWith copyWith with no arguments returns identical state              00:01 +161: /Users/mohd/Developer/repos/GenerallyBetter/gnrllybttr_pacer/test/debouncer/models_test.dart: AsyncDebouncerState copyWith copyWith with no arguments returns identical state              00:01 +161: /Users/mohd/Developer/repos/GenerallyBetter/gnrllybttr_pacer/test/debouncer/models_test.dart: AsyncDebouncerState copyWith copyWith with executionCount                                    00:01 +162: /Users/mohd/Developer/repos/GenerallyBetter/gnrllybttr_pacer/test/debouncer/models_test.dart: AsyncDebouncerState copyWith copyWith with executionCount                                    00:01 +162: /Users/mohd/Developer/repos/GenerallyBetter/gnrllybttr_pacer/test/debouncer/models_test.dart: AsyncDebouncerState copyWith copyWith with status                                            00:01 +163: /Users/mohd/Developer/repos/GenerallyBetter/gnrllybttr_pacer/test/debouncer/models_test.dart: AsyncDebouncerState copyWith copyWith with status                                            00:01 +163: /Users/mohd/Developer/repos/GenerallyBetter/gnrllybttr_pacer/test/debouncer/models_test.dart: AsyncDebouncerState copyWith copyWith with maybeExecuteCount                                 00:01 +164: /Users/mohd/Developer/repos/GenerallyBetter/gnrllybttr_pacer/test/debouncer/models_test.dart: AsyncDebouncerState copyWith copyWith with maybeExecuteCount                                 00:01 +164: /Users/mohd/Developer/repos/GenerallyBetter/gnrllybttr_pacer/test/debouncer/models_test.dart: AsyncDebouncerState copyWith copyWith with lastArgs                                          00:01 +165: /Users/mohd/Developer/repos/GenerallyBetter/gnrllybttr_pacer/test/debouncer/models_test.dart: AsyncDebouncerState copyWith copyWith with lastArgs                                          00:01 +165: /Users/mohd/Developer/repos/GenerallyBetter/gnrllybttr_pacer/test/debouncer/models_test.dart: AsyncDebouncerState copyWith copyWith with isPending                                         00:01 +166: /Users/mohd/Developer/repos/GenerallyBetter/gnrllybttr_pacer/test/debouncer/models_test.dart: AsyncDebouncerState copyWith copyWith with isPending                                         00:01 +166: /Users/mohd/Developer/repos/GenerallyBetter/gnrllybttr_pacer/test/debouncer/models_test.dart: AsyncDebouncerState copyWith copyWith with errorCount                                        00:01 +167: /Users/mohd/Developer/repos/GenerallyBetter/gnrllybttr_pacer/test/debouncer/models_test.dart: AsyncDebouncerState copyWith copyWith with errorCount                                        00:01 +167: /Users/mohd/Developer/repos/GenerallyBetter/gnrllybttr_pacer/test/debouncer/models_test.dart: AsyncDebouncerState copyWith copyWith with successCount                                      00:01 +168: /Users/mohd/Developer/repos/GenerallyBetter/gnrllybttr_pacer/test/debouncer/models_test.dart: AsyncDebouncerState copyWith copyWith with successCount                                      00:01 +168: /Users/mohd/Developer/repos/GenerallyBetter/gnrllybttr_pacer/test/debouncer/models_test.dart: AsyncDebouncerState copyWith copyWith with settleCount                                       00:01 +169: /Users/mohd/Developer/repos/GenerallyBetter/gnrllybttr_pacer/test/debouncer/models_test.dart: AsyncDebouncerState copyWith copyWith with settleCount                                       00:01 +169: /Users/mohd/Developer/repos/GenerallyBetter/gnrllybttr_pacer/test/debouncer/models_test.dart: AsyncDebouncerState copyWith copyWith with isExecuting                                       00:01 +170: /Users/mohd/Developer/repos/GenerallyBetter/gnrllybttr_pacer/test/debouncer/models_test.dart: AsyncDebouncerState copyWith copyWith with isExecuting                                       00:01 +170: /Users/mohd/Developer/repos/GenerallyBetter/gnrllybttr_pacer/test/debouncer/models_test.dart: AsyncDebouncerState copyWith copyWith with lastResult                                        00:01 +171: /Users/mohd/Developer/repos/GenerallyBetter/gnrllybttr_pacer/test/debouncer/models_test.dart: AsyncDebouncerState copyWith copyWith with lastResult                                        00:01 +171: /Users/mohd/Developer/repos/GenerallyBetter/gnrllybttr_pacer/test/debouncer/models_test.dart: AsyncDebouncerState copyWith copyWith with multiple fields                                   00:01 +172: /Users/mohd/Developer/repos/GenerallyBetter/gnrllybttr_pacer/test/debouncer/models_test.dart: AsyncDebouncerState copyWith copyWith with multiple fields                                   00:01 +172: /Users/mohd/Developer/repos/GenerallyBetter/gnrllybttr_pacer/test/debouncer/models_test.dart: DebouncerOptions constructor with default values                                             00:01 +173: /Users/mohd/Developer/repos/GenerallyBetter/gnrllybttr_pacer/test/debouncer/models_test.dart: DebouncerOptions constructor with default values                                             00:01 +173: /Users/mohd/Developer/repos/GenerallyBetter/gnrllybttr_pacer/test/debouncer/models_test.dart: DebouncerOptions constructor with custom values                                              00:01 +174: /Users/mohd/Developer/repos/GenerallyBetter/gnrllybttr_pacer/test/debouncer/models_test.dart: DebouncerOptions constructor with custom values                                              00:01 +174: /Users/mohd/Developer/repos/GenerallyBetter/gnrllybttr_pacer/test/debouncer/models_test.dart: DebouncerOptions extends PacerOptions                                                        00:01 +175: /Users/mohd/Developer/repos/GenerallyBetter/gnrllybttr_pacer/test/debouncer/models_test.dart: DebouncerOptions extends PacerOptions                                                        00:01 +175: /Users/mohd/Developer/repos/GenerallyBetter/gnrllybttr_pacer/test/debouncer/models_test.dart: DebouncerState constructor with default values                                               00:01 +176: /Users/mohd/Developer/repos/GenerallyBetter/gnrllybttr_pacer/test/debouncer/models_test.dart: DebouncerState constructor with default values                                               00:01 +176: /Users/mohd/Developer/repos/GenerallyBetter/gnrllybttr_pacer/test/debouncer/models_test.dart: DebouncerState constructor with custom values                                                00:01 +177: /Users/mohd/Developer/repos/GenerallyBetter/gnrllybttr_pacer/test/debouncer/models_test.dart: DebouncerState constructor with custom values                                                00:01 +177: /Users/mohd/Developer/repos/GenerallyBetter/gnrllybttr_pacer/test/debouncer/models_test.dart: DebouncerState extends PacerState                                                            00:01 +178: /Users/mohd/Developer/repos/GenerallyBetter/gnrllybttr_pacer/test/debouncer/models_test.dart: DebouncerState extends PacerState                                                            00:01 +178: /Users/mohd/Developer/repos/GenerallyBetter/gnrllybttr_pacer/test/debouncer/models_test.dart: DebouncerState copyWith copyWith with no arguments returns identical state                   00:01 +179: /Users/mohd/Developer/repos/GenerallyBetter/gnrllybttr_pacer/test/debouncer/models_test.dart: DebouncerState copyWith copyWith with no arguments returns identical state                   00:01 +179: /Users/mohd/Developer/repos/GenerallyBetter/gnrllybttr_pacer/test/debouncer/models_test.dart: DebouncerState copyWith copyWith with executionCount                                         00:01 +180: /Users/mohd/Developer/repos/GenerallyBetter/gnrllybttr_pacer/test/debouncer/models_test.dart: DebouncerState copyWith copyWith with executionCount                                         00:01 +180: /Users/mohd/Developer/repos/GenerallyBetter/gnrllybttr_pacer/test/debouncer/models_test.dart: DebouncerState copyWith copyWith with status                                                 00:01 +181: /Users/mohd/Developer/repos/GenerallyBetter/gnrllybttr_pacer/test/debouncer/models_test.dart: DebouncerState copyWith copyWith with status                                                 00:01 +181: /Users/mohd/Developer/repos/GenerallyBetter/gnrllybttr_pacer/test/debouncer/models_test.dart: DebouncerState copyWith copyWith with maybeExecuteCount                                      00:01 +182: /Users/mohd/Developer/repos/GenerallyBetter/gnrllybttr_pacer/test/debouncer/models_test.dart: DebouncerState copyWith copyWith with maybeExecuteCount                                      00:01 +182: /Users/mohd/Developer/repos/GenerallyBetter/gnrllybttr_pacer/test/debouncer/models_test.dart: DebouncerState copyWith copyWith with lastArgs                                               00:01 +183: /Users/mohd/Developer/repos/GenerallyBetter/gnrllybttr_pacer/test/debouncer/models_test.dart: DebouncerState copyWith copyWith with lastArgs                                               00:01 +183: /Users/mohd/Developer/repos/GenerallyBetter/gnrllybttr_pacer/test/debouncer/models_test.dart: DebouncerState copyWith copyWith with isPending                                              00:01 +184: /Users/mohd/Developer/repos/GenerallyBetter/gnrllybttr_pacer/test/debouncer/models_test.dart: DebouncerState copyWith copyWith with isPending                                              00:01 +184: /Users/mohd/Developer/repos/GenerallyBetter/gnrllybttr_pacer/test/debouncer/models_test.dart: DebouncerState copyWith copyWith with multiple fields                                        00:01 +185: /Users/mohd/Developer/repos/GenerallyBetter/gnrllybttr_pacer/test/debouncer/models_test.dart: DebouncerState copyWith copyWith with multiple fields                                        00:01 +185: /Users/mohd/Developer/repos/GenerallyBetter/gnrllybttr_pacer/test/debouncer/models_test.dart: Type safety AsyncDebouncerOptions supports different generic types                           00:01 +186: /Users/mohd/Developer/repos/GenerallyBetter/gnrllybttr_pacer/test/debouncer/models_test.dart: Type safety AsyncDebouncerOptions supports different generic types                           00:01 +186: /Users/mohd/Developer/repos/GenerallyBetter/gnrllybttr_pacer/test/debouncer/models_test.dart: Type safety AsyncDebouncerState supports different generic types                             00:01 +187: /Users/mohd/Developer/repos/GenerallyBetter/gnrllybttr_pacer/test/debouncer/models_test.dart: Type safety AsyncDebouncerState supports different generic types                             00:01 +187: /Users/mohd/Developer/repos/GenerallyBetter/gnrllybttr_pacer/test/debouncer/models_test.dart: Type safety DebouncerOptions supports different generic types                                00:01 +188: /Users/mohd/Developer/repos/GenerallyBetter/gnrllybttr_pacer/test/debouncer/models_test.dart: Type safety DebouncerOptions supports different generic types                                00:01 +188: /Users/mohd/Developer/repos/GenerallyBetter/gnrllybttr_pacer/test/debouncer/models_test.dart: Type safety DebouncerState supports different generic types                                  00:01 +189: /Users/mohd/Developer/repos/GenerallyBetter/gnrllybttr_pacer/test/debouncer/models_test.dart: Type safety DebouncerState supports different generic types                                  00:01 +189: /Users/mohd/Developer/repos/GenerallyBetter/gnrllybttr_pacer/test/debouncer/models_test.dart: Immutability AsyncDebouncerState copyWith creates new instance                               00:01 +190: /Users/mohd/Developer/repos/GenerallyBetter/gnrllybttr_pacer/test/debouncer/models_test.dart: Immutability AsyncDebouncerState copyWith creates new instance                               00:01 +190: /Users/mohd/Developer/repos/GenerallyBetter/gnrllybttr_pacer/test/debouncer/models_test.dart: Immutability DebouncerState copyWith creates new instance                                    00:01 +191: /Users/mohd/Developer/repos/GenerallyBetter/gnrllybttr_pacer/test/debouncer/models_test.dart: Immutability DebouncerState copyWith creates new instance                                    00:01 +191: loading /Users/mohd/Developer/repos/GenerallyBetter/gnrllybttr_pacer/test/rate_limiter/models_test.dart                                                                                    00:02 +191: loading /Users/mohd/Developer/repos/GenerallyBetter/gnrllybttr_pacer/test/rate_limiter/models_test.dart                                                                                    00:02 +191: /Users/mohd/Developer/repos/GenerallyBetter/gnrllybttr_pacer/test/rate_limiter/models_test.dart: AsyncRateLimiterOptions constructor with default values                                   00:02 +192: /Users/mohd/Developer/repos/GenerallyBetter/gnrllybttr_pacer/test/rate_limiter/models_test.dart: AsyncRateLimiterOptions constructor with default values                                   00:02 +192: /Users/mohd/Developer/repos/GenerallyBetter/gnrllybttr_pacer/test/rate_limiter/models_test.dart: AsyncRateLimiterOptions constructor with custom values                                    00:02 +193: /Users/mohd/Developer/repos/GenerallyBetter/gnrllybttr_pacer/test/rate_limiter/models_test.dart: AsyncRateLimiterOptions constructor with custom values                                    00:02 +193: /Users/mohd/Developer/repos/GenerallyBetter/gnrllybttr_pacer/test/rate_limiter/models_test.dart: AsyncRateLimiterOptions extends PacerOptions                                              00:02 +194: /Users/mohd/Developer/repos/GenerallyBetter/gnrllybttr_pacer/test/rate_limiter/models_test.dart: AsyncRateLimiterOptions extends PacerOptions                                              00:02 +194: /Users/mohd/Developer/repos/GenerallyBetter/gnrllybttr_pacer/test/rate_limiter/models_test.dart: AsyncRateLimiterState constructor with default values                                     00:02 +195: /Users/mohd/Developer/repos/GenerallyBetter/gnrllybttr_pacer/test/rate_limiter/models_test.dart: AsyncRateLimiterState constructor with default values                                     00:02 +195: /Users/mohd/Developer/repos/GenerallyBetter/gnrllybttr_pacer/test/rate_limiter/models_test.dart: AsyncRateLimiterState constructor with custom values                                      00:02 +196: /Users/mohd/Developer/repos/GenerallyBetter/gnrllybttr_pacer/test/rate_limiter/models_test.dart: AsyncRateLimiterState constructor with custom values                                      00:02 +196: /Users/mohd/Developer/repos/GenerallyBetter/gnrllybttr_pacer/test/rate_limiter/models_test.dart: AsyncRateLimiterState extends PacerState                                                  00:02 +197: /Users/mohd/Developer/repos/GenerallyBetter/gnrllybttr_pacer/test/rate_limiter/models_test.dart: AsyncRateLimiterState extends PacerState                                                  00:02 +197: /Users/mohd/Developer/repos/GenerallyBetter/gnrllybttr_pacer/test/rate_limiter/models_test.dart: AsyncRateLimiterState copyWith copyWith with no arguments returns identical state         00:02 +198: /Users/mohd/Developer/repos/GenerallyBetter/gnrllybttr_pacer/test/rate_limiter/models_test.dart: AsyncRateLimiterState copyWith copyWith with no arguments returns identical state         00:02 +198: /Users/mohd/Developer/repos/GenerallyBetter/gnrllybttr_pacer/test/rate_limiter/models_test.dart: AsyncRateLimiterState copyWith copyWith with executionCount                               00:02 +199: /Users/mohd/Developer/repos/GenerallyBetter/gnrllybttr_pacer/test/rate_limiter/models_test.dart: AsyncRateLimiterState copyWith copyWith with executionCount                               00:02 +199: /Users/mohd/Developer/repos/GenerallyBetter/gnrllybttr_pacer/test/rate_limiter/models_test.dart: AsyncRateLimiterState copyWith copyWith with status                                       00:02 +200: /Users/mohd/Developer/repos/GenerallyBetter/gnrllybttr_pacer/test/rate_limiter/models_test.dart: AsyncRateLimiterState copyWith copyWith with status                                       00:02 +200: /Users/mohd/Developer/repos/GenerallyBetter/gnrllybttr_pacer/test/rate_limiter/models_test.dart: AsyncRateLimiterState copyWith copyWith with maybeExecuteCount                            00:02 +201: /Users/mohd/Developer/repos/GenerallyBetter/gnrllybttr_pacer/test/rate_limiter/models_test.dart: AsyncRateLimiterState copyWith copyWith with maybeExecuteCount                            00:02 +201: /Users/mohd/Developer/repos/GenerallyBetter/gnrllybttr_pacer/test/rate_limiter/models_test.dart: AsyncRateLimiterState copyWith copyWith with rejectionCount                               00:02 +202: /Users/mohd/Developer/repos/GenerallyBetter/gnrllybttr_pacer/test/rate_limiter/models_test.dart: AsyncRateLimiterState copyWith copyWith with rejectionCount                               00:02 +202: /Users/mohd/Developer/repos/GenerallyBetter/gnrllybttr_pacer/test/rate_limiter/models_test.dart: AsyncRateLimiterState copyWith copyWith with executionTimes                               00:02 +203: /Users/mohd/Developer/repos/GenerallyBetter/gnrllybttr_pacer/test/rate_limiter/models_test.dart: AsyncRateLimiterState copyWith copyWith with executionTimes                               00:02 +203: /Users/mohd/Developer/repos/GenerallyBetter/gnrllybttr_pacer/test/rate_limiter/models_test.dart: AsyncRateLimiterState copyWith copyWith with isExceeded                                   00:02 +204: /Users/mohd/Developer/repos/GenerallyBetter/gnrllybttr_pacer/test/rate_limiter/models_test.dart: AsyncRateLimiterState copyWith copyWith with isExceeded                                   00:02 +204: /Users/mohd/Developer/repos/GenerallyBetter/gnrllybttr_pacer/test/rate_limiter/models_test.dart: AsyncRateLimiterState copyWith copyWith with errorCount                                   00:02 +205: /Users/mohd/Developer/repos/GenerallyBetter/gnrllybttr_pacer/test/rate_limiter/models_test.dart: AsyncRateLimiterState copyWith copyWith with errorCount                                   00:02 +205: /Users/mohd/Developer/repos/GenerallyBetter/gnrllybttr_pacer/test/rate_limiter/models_test.dart: AsyncRateLimiterState copyWith copyWith with successCount                                 00:02 +206: /Users/mohd/Developer/repos/GenerallyBetter/gnrllybttr_pacer/test/rate_limiter/models_test.dart: AsyncRateLimiterState copyWith copyWith with successCount                                 00:02 +206: /Users/mohd/Developer/repos/GenerallyBetter/gnrllybttr_pacer/test/rate_limiter/models_test.dart: AsyncRateLimiterState copyWith copyWith with settleCount                                  00:02 +207: /Users/mohd/Developer/repos/GenerallyBetter/gnrllybttr_pacer/test/rate_limiter/models_test.dart: AsyncRateLimiterState copyWith copyWith with settleCount                                  00:02 +207: /Users/mohd/Developer/repos/GenerallyBetter/gnrllybttr_pacer/test/rate_limiter/models_test.dart: AsyncRateLimiterState copyWith copyWith with isExecuting                                  00:02 +208: /Users/mohd/Developer/repos/GenerallyBetter/gnrllybttr_pacer/test/rate_limiter/models_test.dart: AsyncRateLimiterState copyWith copyWith with isExecuting                                  00:02 +208: /Users/mohd/Developer/repos/GenerallyBetter/gnrllybttr_pacer/test/rate_limiter/models_test.dart: AsyncRateLimiterState copyWith copyWith with lastResult                                   00:02 +209: /Users/mohd/Developer/repos/GenerallyBetter/gnrllybttr_pacer/test/rate_limiter/models_test.dart: AsyncRateLimiterState copyWith copyWith with lastResult                                   00:02 +209: /Users/mohd/Developer/repos/GenerallyBetter/gnrllybttr_pacer/test/rate_limiter/models_test.dart: AsyncRateLimiterState copyWith copyWith with multiple fields                              00:02 +210: /Users/mohd/Developer/repos/GenerallyBetter/gnrllybttr_pacer/test/rate_limiter/models_test.dart: AsyncRateLimiterState copyWith copyWith with multiple fields                              00:02 +210: /Users/mohd/Developer/repos/GenerallyBetter/gnrllybttr_pacer/test/rate_limiter/models_test.dart: RateLimiterOptions constructor with default values                                        00:02 +211: /Users/mohd/Developer/repos/GenerallyBetter/gnrllybttr_pacer/test/rate_limiter/models_test.dart: RateLimiterOptions constructor with default values                                        00:02 +211: /Users/mohd/Developer/repos/GenerallyBetter/gnrllybttr_pacer/test/rate_limiter/models_test.dart: RateLimiterOptions constructor with custom values                                         00:02 +212: /Users/mohd/Developer/repos/GenerallyBetter/gnrllybttr_pacer/test/rate_limiter/models_test.dart: RateLimiterOptions constructor with custom values                                         00:02 +212: /Users/mohd/Developer/repos/GenerallyBetter/gnrllybttr_pacer/test/rate_limiter/models_test.dart: RateLimiterOptions extends PacerOptions                                                   00:02 +213: /Users/mohd/Developer/repos/GenerallyBetter/gnrllybttr_pacer/test/rate_limiter/models_test.dart: RateLimiterOptions extends PacerOptions                                                   00:02 +213: /Users/mohd/Developer/repos/GenerallyBetter/gnrllybttr_pacer/test/rate_limiter/models_test.dart: RateLimiterState constructor with default values                                          00:02 +214: /Users/mohd/Developer/repos/GenerallyBetter/gnrllybttr_pacer/test/rate_limiter/models_test.dart: RateLimiterState constructor with default values                                          00:02 +214: /Users/mohd/Developer/repos/GenerallyBetter/gnrllybttr_pacer/test/rate_limiter/models_test.dart: RateLimiterState constructor with custom values                                           00:02 +215: /Users/mohd/Developer/repos/GenerallyBetter/gnrllybttr_pacer/test/rate_limiter/models_test.dart: RateLimiterState constructor with custom values                                           00:02 +215: /Users/mohd/Developer/repos/GenerallyBetter/gnrllybttr_pacer/test/rate_limiter/models_test.dart: RateLimiterState extends PacerState                                                       00:02 +216: /Users/mohd/Developer/repos/GenerallyBetter/gnrllybttr_pacer/test/rate_limiter/models_test.dart: RateLimiterState extends PacerState                                                       00:02 +216: /Users/mohd/Developer/repos/GenerallyBetter/gnrllybttr_pacer/test/rate_limiter/models_test.dart: RateLimiterState copyWith copyWith with no arguments returns identical state              00:02 +217: /Users/mohd/Developer/repos/GenerallyBetter/gnrllybttr_pacer/test/rate_limiter/models_test.dart: RateLimiterState copyWith copyWith with no arguments returns identical state              00:02 +217: /Users/mohd/Developer/repos/GenerallyBetter/gnrllybttr_pacer/test/rate_limiter/models_test.dart: RateLimiterState copyWith copyWith with executionCount                                    00:02 +218: /Users/mohd/Developer/repos/GenerallyBetter/gnrllybttr_pacer/test/rate_limiter/models_test.dart: RateLimiterState copyWith copyWith with executionCount                                    00:02 +218: /Users/mohd/Developer/repos/GenerallyBetter/gnrllybttr_pacer/test/rate_limiter/models_test.dart: RateLimiterState copyWith copyWith with status                                            00:02 +219: /Users/mohd/Developer/repos/GenerallyBetter/gnrllybttr_pacer/test/rate_limiter/models_test.dart: RateLimiterState copyWith copyWith with status                                            00:02 +219: /Users/mohd/Developer/repos/GenerallyBetter/gnrllybttr_pacer/test/rate_limiter/models_test.dart: RateLimiterState copyWith copyWith with maybeExecuteCount                                 00:02 +220: /Users/mohd/Developer/repos/GenerallyBetter/gnrllybttr_pacer/test/rate_limiter/models_test.dart: RateLimiterState copyWith copyWith with maybeExecuteCount                                 00:02 +220: /Users/mohd/Developer/repos/GenerallyBetter/gnrllybttr_pacer/test/rate_limiter/models_test.dart: RateLimiterState copyWith copyWith with rejectionCount                                    00:02 +221: /Users/mohd/Developer/repos/GenerallyBetter/gnrllybttr_pacer/test/rate_limiter/models_test.dart: RateLimiterState copyWith copyWith with rejectionCount                                    00:02 +221: /Users/mohd/Developer/repos/GenerallyBetter/gnrllybttr_pacer/test/rate_limiter/models_test.dart: RateLimiterState copyWith copyWith with executionTimes                                    00:02 +222: /Users/mohd/Developer/repos/GenerallyBetter/gnrllybttr_pacer/test/rate_limiter/models_test.dart: RateLimiterState copyWith copyWith with executionTimes                                    00:02 +222: /Users/mohd/Developer/repos/GenerallyBetter/gnrllybttr_pacer/test/rate_limiter/models_test.dart: RateLimiterState copyWith copyWith with isExceeded                                        00:02 +223: /Users/mohd/Developer/repos/GenerallyBetter/gnrllybttr_pacer/test/rate_limiter/models_test.dart: RateLimiterState copyWith copyWith with isExceeded                                        00:02 +223: /Users/mohd/Developer/repos/GenerallyBetter/gnrllybttr_pacer/test/rate_limiter/models_test.dart: RateLimiterState copyWith copyWith with multiple fields                                   00:02 +224: /Users/mohd/Developer/repos/GenerallyBetter/gnrllybttr_pacer/test/rate_limiter/models_test.dart: RateLimiterState copyWith copyWith with multiple fields                                   00:02 +224: /Users/mohd/Developer/repos/GenerallyBetter/gnrllybttr_pacer/test/rate_limiter/models_test.dart: Type safety AsyncRateLimiterOptions supports different generic types                      00:02 +225: /Users/mohd/Developer/repos/GenerallyBetter/gnrllybttr_pacer/test/rate_limiter/models_test.dart: Type safety AsyncRateLimiterOptions supports different generic types                      00:02 +225: /Users/mohd/Developer/repos/GenerallyBetter/gnrllybttr_pacer/test/rate_limiter/models_test.dart: Type safety AsyncRateLimiterState supports different generic types                        00:02 +226: /Users/mohd/Developer/repos/GenerallyBetter/gnrllybttr_pacer/test/rate_limiter/models_test.dart: Type safety AsyncRateLimiterState supports different generic types                        00:02 +226: /Users/mohd/Developer/repos/GenerallyBetter/gnrllybttr_pacer/test/rate_limiter/models_test.dart: Type safety RateLimiterOptions supports different generic types                           00:02 +227: /Users/mohd/Developer/repos/GenerallyBetter/gnrllybttr_pacer/test/rate_limiter/models_test.dart: Type safety RateLimiterOptions supports different generic types                           00:02 +227: /Users/mohd/Developer/repos/GenerallyBetter/gnrllybttr_pacer/test/rate_limiter/models_test.dart: Type safety RateLimiterState supports different generic types                             00:02 +228: /Users/mohd/Developer/repos/GenerallyBetter/gnrllybttr_pacer/test/rate_limiter/models_test.dart: Type safety RateLimiterState supports different generic types                             00:02 +228: /Users/mohd/Developer/repos/GenerallyBetter/gnrllybttr_pacer/test/rate_limiter/models_test.dart: Immutability AsyncRateLimiterState copyWith creates new instance                          00:02 +229: /Users/mohd/Developer/repos/GenerallyBetter/gnrllybttr_pacer/test/rate_limiter/models_test.dart: Immutability AsyncRateLimiterState copyWith creates new instance                          00:02 +229: /Users/mohd/Developer/repos/GenerallyBetter/gnrllybttr_pacer/test/rate_limiter/models_test.dart: Immutability RateLimiterState copyWith creates new instance                               00:02 +230: /Users/mohd/Developer/repos/GenerallyBetter/gnrllybttr_pacer/test/rate_limiter/models_test.dart: Immutability RateLimiterState copyWith creates new instance                               00:02 +230: All tests passed!                                                                                                                                                                          
